#-----------------------------------------------------------
# Vivado v2017.2 (64-bit)
# SW Build 1909853 on Thu Jun 15 18:39:09 MDT 2017
# IP Build 1909766 on Thu Jun 15 19:58:00 MDT 2017
# Start of session at: Fri Jan 15 14:58:15 2021
# Process ID: 11440
# Current directory: C:/Users/iarambururo/OneDrive - Mondragon Unibertsitatea/.cosas de clase/2020-2021/2.curso/Sistemas programables/Vivado/Serial-Basys3-main/RXtx_Serial - el mio
# Command line: vivado.exe -gui_launcher_event rodinguilauncherevent13460 C:\Users\iarambururo\OneDrive - Mondragon Unibertsitatea\.cosas de clase\2020-2021\2.curso\Sistemas programables\Vivado\Serial-Basys3-main\RXtx_Serial - el mio\RX_Serial.xpr
# Log file: C:/Users/iarambururo/OneDrive - Mondragon Unibertsitatea/.cosas de clase/2020-2021/2.curso/Sistemas programables/Vivado/Serial-Basys3-main/RXtx_Serial - el mio/vivado.log
# Journal file: C:/Users/iarambururo/OneDrive - Mondragon Unibertsitatea/.cosas de clase/2020-2021/2.curso/Sistemas programables/Vivado/Serial-Basys3-main/RXtx_Serial - el mio\vivado.jou
#-----------------------------------------------------------
start_gui
open_project {C:/Users/iarambururo/OneDrive - Mondragon Unibertsitatea/.cosas de clase/2020-2021/2.curso/Sistemas programables/Vivado/Serial-Basys3-main/RXtx_Serial - el mio/RX_Serial.xpr}
update_compile_order -fileset sources_1
