Copyright 1986-2017 Xilinx, Inc. All Rights Reserved.
------------------------------------------------------------------------------------
| Tool Version : Vivado v.2017.2 (win64) Build 1909853 Thu Jun 15 18:39:09 MDT 2017
| Date         : Tue Jan 19 18:11:19 2021
| Host         : DESKTOP-6C35MAJ running 64-bit major release  (build 9200)
| Command      : report_control_sets -verbose -file top_control_sets_placed.rpt
| Design       : top
| Device       : xc7a35t
------------------------------------------------------------------------------------

Control Set Information

Table of Contents
-----------------
1. Summary
2. Flip-Flop Distribution
3. Detailed Control Set Information

1. Summary
----------

+----------------------------------------------------------+-------+
|                          Status                          | Count |
+----------------------------------------------------------+-------+
| Number of unique control sets                            |     9 |
| Unused register locations in slices containing registers |    24 |
+----------------------------------------------------------+-------+


2. Flip-Flop Distribution
-------------------------

+--------------+-----------------------+------------------------+-----------------+--------------+
| Clock Enable | Synchronous Set/Reset | Asynchronous Set/Reset | Total Registers | Total Slices |
+--------------+-----------------------+------------------------+-----------------+--------------+
| No           | No                    | No                     |              26 |           14 |
| No           | No                    | Yes                    |               0 |            0 |
| No           | Yes                   | No                     |             105 |           27 |
| Yes          | No                    | No                     |              21 |            4 |
| Yes          | No                    | Yes                    |               0 |            0 |
| Yes          | Yes                   | No                     |               0 |            0 |
+--------------+-----------------------+------------------------+-----------------+--------------+


3. Detailed Control Set Information
-----------------------------------

+--------------------------+---------------+--------------------------+------------------+----------------+
|       Clock Signal       | Enable Signal |     Set/Reset Signal     | Slice Load Count | Bel Load Count |
+--------------------------+---------------+--------------------------+------------------+----------------+
|  current_reg_i_2_n_0     |               |                          |                1 |              1 |
|  U4/oraingoa[0]          |               |                          |                4 |              8 |
|  U4/oraingoa_reg_n_0_[1] |               |                          |                3 |              8 |
|  clk_IBUF_BUFG           |               |                          |                6 |              9 |
|  clk_IBUF_BUFG           |               | U1/baud_count[9]_i_1_n_0 |                3 |              9 |
|  clk_IBUF_BUFG           |               | U1/clear                 |                8 |             32 |
|  current_reg_i_2_n_0     |               | U7/kont_send[0]_i_1_n_0  |                8 |             32 |
|  current_reg_i_2_n_0     |               | U7/serial_pmw_port_OBUF  |                8 |             32 |
|  clk_IBUF_BUFG           | U1/clk_16_x   |                          |                7 |             40 |
+--------------------------+---------------+--------------------------+------------------+----------------+


+--------+-----------------------+
| Fanout | Number of ControlSets |
+--------+-----------------------+
| 1      |                     1 |
| 8      |                     2 |
| 9      |                     2 |
| 16+    |                     4 |
+--------+-----------------------+


