#-----------------------------------------------------------
# Vivado v2017.2 (64-bit)
# SW Build 1909853 on Thu Jun 15 18:39:09 MDT 2017
# IP Build 1909766 on Thu Jun 15 19:58:00 MDT 2017
# Start of session at: Tue Jan 26 10:36:34 2021
# Process ID: 3176
# Current directory: C:/Users/Ainhize/Documents/Informatika/MAILA2/PBL3/Vivado/Serial_Display/Serial-Basys3/RXtx_Serial -DISPLAY
# Command line: vivado.exe -gui_launcher_event rodinguilauncherevent3536 C:\Users\Ainhize\Documents\Informatika\MAILA2\PBL3\Vivado\Serial_Display\Serial-Basys3\RXtx_Serial -DISPLAY\RX_Serial.xpr
# Log file: C:/Users/Ainhize/Documents/Informatika/MAILA2/PBL3/Vivado/Serial_Display/Serial-Basys3/RXtx_Serial -DISPLAY/vivado.log
# Journal file: C:/Users/Ainhize/Documents/Informatika/MAILA2/PBL3/Vivado/Serial_Display/Serial-Basys3/RXtx_Serial -DISPLAY\vivado.jou
#-----------------------------------------------------------
start_gui
open_project {C:/Users/Ainhize/Documents/Informatika/MAILA2/PBL3/Vivado/Serial_Display/Serial-Basys3/RXtx_Serial -DISPLAY/RX_Serial.xpr}
update_compile_order -fileset sources_1
