#-----------------------------------------------------------
# Vivado v2017.2 (64-bit)
# SW Build 1909853 on Thu Jun 15 18:39:09 MDT 2017
# IP Build 1909766 on Thu Jun 15 19:58:00 MDT 2017
# Start of session at: Tue Jan 26 13:21:03 2021
# Process ID: 1424
# Current directory: C:/Users/Ainhize/Documents/Informatika/MAILA2/PBL3/Vivado/Serial_Display/Serial-Basys3/TXRX_Servos
# Command line: vivado.exe -gui_launcher_event rodinguilauncherevent17316 C:\Users\Ainhize\Documents\Informatika\MAILA2\PBL3\Vivado\Serial_Display\Serial-Basys3\TXRX_Servos\TXRX_Servos.xpr
# Log file: C:/Users/Ainhize/Documents/Informatika/MAILA2/PBL3/Vivado/Serial_Display/Serial-Basys3/TXRX_Servos/vivado.log
# Journal file: C:/Users/Ainhize/Documents/Informatika/MAILA2/PBL3/Vivado/Serial_Display/Serial-Basys3/TXRX_Servos\vivado.jou
#-----------------------------------------------------------
start_gui
open_project C:/Users/Ainhize/Documents/Informatika/MAILA2/PBL3/Vivado/Serial_Display/Serial-Basys3/TXRX_Servos/TXRX_Servos.xpr
update_compile_order -fileset sources_1
